// Jest Snapshot v1, https://goo.gl/fbAQLP

exports[`<Menu/> Renderizar os link e verificar se estão com className link 1`] = `
Array [
  <a
    class="link"
    href="/"
  >
    Inicial
  </a>,
  <a
    class="link"
    href="/"
  >
    Transferências
  </a>,
  <a
    class="link"
    href="/"
  >
    Investimentos
  </a>,
  <a
    class="link"
    href="/"
  >
    Outros serviços
  </a>,
]
`;
